WRONG PASSWORD
xtbyhn medbc mhyewjzsdg xtbyhn
sduh kkhbqlrxnm sduh sduh qyyx
WRONG PASSWORD